
> elekha@1.0.0 test
> vitest run --run

npm : [33mThe plugin "vite-tsconfig-paths" is detected. Vite now supports 
tsconfig paths resolution natively via the [1mresolve.tsconfigPaths[22m 
option. You can remove the plugin and set [1mresolve.tsconfigPaths: true[22m 
in your Vite config instead.[39m
At line:1 char:1
+ npm test -- --run 2>&1 > test-output.log ; tail -50 test-output.log ; ...
+ ~~~~~~~~~~~~~~~~~~~~~~~~~~~~~~~~~~~~~~~~
    + CategoryInfo          : NotSpecified: ([33mThe plugin...g instead.[39m 
   :String) [], RemoteException
    + FullyQualifiedErrorId : NativeCommandError
 

[1m[46m RUN [49m[22m [36mv4.1.2 [39m[90mC:/Users/kapil/Desktop/elekha[39m

 [32mΓ£ô[39m tests/assignUserManagementRole.useCase.test.ts [2m([22m[2m3 tests[22m[2m)[22m[32m 16[2mms[22m[39m
 [32mΓ£ô[39m tests/moneyAccountBalancePolicy.useCase.test.ts [2m([22m[2m2 tests[22m[2m)[22m[32m 16[2mms[22m[39m
 [32mΓ£ô[39m tests/adjustMoneyAccountBalance.useCase.test.ts [2m([22m[2m3 tests[22m[2m)[22m[32m 19[2mms[22m[39m
 [32mΓ£ô[39m tests/userManagement.repository.guardrails.test.ts [2m([22m[2m9 tests[22m[2m)[22m[32m 38[2mms[22m[39m
 [32mΓ£ô[39m tests/getOrCreateBusinessContact.useCase.test.ts [2m([22m[2m2 tests[22m[2m)[22m[32m 22[2mms[22m[39m
 [32mΓ£ô[39m tests/billingRepository.contactLink.test.ts [2m([22m[2m4 tests[22m[2m)[22m[32m 26[2mms[22m[39m
 [32mΓ£ô[39m tests/dashboardShell.shared.test.ts [2m([22m[2m4 tests[22m[2m)[22m[32m 18[2mms[22m[39m
 [32mΓ£ô[39m tests/dashboardProfileRouteHandlers.shared.test.ts [2m([22m[2m5 tests[22m[2m)[22m[32m 26[2mms[22m[39m
 [32mΓ£ô[39m tests/saveAccount.useCase.test.ts [2m([22m[2m2 tests[22m[2m)[22m[32m 24[2mms[22m[39m
 [32mΓ£ô[39m tests/manualTransactionPosting.useCase.test.ts [2m([22m[2m3 tests[22m[2m)[22m[32m 29[2mms[22m[39m
 [32mΓ£ô[39m tests/createAccountMember.useCase.test.ts [2m([22m[2m4 tests[22m[2m)[22m[32m 32[2mms[22m[39m
 [32mΓ£ô[39m tests/updateAccountMember.useCase.test.ts [2m([22m[2m3 tests[22m[2m)[22m[32m 36[2mms[22m[39m
 [32mΓ£ô[39m tests/saveLedgerEntryWithSettlement.useCase.test.ts [2m([22m[2m7 tests[22m[2m)[22m[32m 61[2mms[22m[39m
 [32mΓ£ô[39m tests/payEmiInstallment.useCase.test.ts [2m([22m[2m3 tests[22m[2m)[22m[32m 40[2mms[22m[39m
 [32mΓ£ô[39m tests/reports.repository.test.ts [2m([22m[2m2 tests[22m[2m)[22m[32m 125[2mms[22m[39m
 [32mΓ£ô[39m tests/getUserManagementSnapshot.useCase.test.ts [2m([22m[2m2 tests[22m[2m)[22m[32m 26[2mms[22m[39m
 [32mΓ£ô[39m tests/deleteUserManagementRole.useCase.test.ts [2m([22m[2m2 tests[22m[2m)[22m[32m 25[2mms[22m[39m
 [32mΓ£ô[39m tests/saveUserManagementRole.useCase.test.ts [2m([22m[2m3 tests[22m[2m)[22m[32m 21[2mms[22m[39m
 [32mΓ£ô[39m tests/completePosCheckout.useCase.test.ts [2m([22m[2m5 tests[22m[2m)[22m[32m 37[2mms[22m[39m
 [32mΓ£ô[39m tests/checkDuplicateLedgerEntry.useCase.test.ts [2m([22m[2m11 tests[22m[2m)[22m[32m 23[2mms[22m[39m
 [32mΓ£ô[39m tests/signUp.repository.test.ts [2m([22m[2m2 tests[22m[2m)[22m[32m 19[2mms[22m[39m
 [32mΓ£ô[39m tests/postMoneyMovement.useCase.test.ts [2m([22m[2m1 test[22m[2m)[22m[32m 23[2mms[22m[39m
 [32mΓ£ô[39m tests/linkBillingDocumentContact.useCase.test.ts [2m([22m[2m2 tests[22m[2m)[22m[32m 25[2mms[22m[39m
 [32mΓ£ô[39m tests/bootstrapStartup.useCase.test.ts [2m([22m[2m2 tests[22m[2m)[22m[32m 21[2mms[22m[39m
 [32mΓ£ô[39m tests/orderMoneyPosting.useCase.test.ts [2m([22m[2m3 tests[22m[2m)[22m[32m 30[2mms[22m[39m
 [32mΓ£ô[39m tests/saveBusinessProfile.useCase.test.ts [2m([22m[2m3 tests[22m[2m)[22m[32m 27[2mms[22m[39m
 [32mΓ£ô[39m tests/getAccessibleAccountsByUserRemoteId.useCase.test.ts [2m([22m[2m2 tests[22m[2m)[22m[32m 23[2mms[22m[39m
 [32mΓ£ô[39m tests/deleteAccountMember.useCase.test.ts [2m([22m[2m4 tests[22m[2m)[22m[32m 36[2mms[22m[39m
 [32mΓ£ô[39m tests/changeAccountMemberStatus.useCase.test.ts [2m([22m[2m4 tests[22m[2m)[22m[32m 34[2mms[22m[39m
 [32mΓ£ô[39m tests/payBillingDocument.useCase.test.ts [2m([22m[2m5 tests[22m[2m)[22m[32m 41[2mms[22m[39m
 [32mΓ£ô[39m tests/billingLedgerContactMapping.test.ts [2m([22m[2m2 tests[22m[2m)[22m[32m 14[2mms[22m[39m
 [32mΓ£ô[39m tests/dashboardNavigation.util.test.ts [2m([22m[2m3 tests[22m[2m)[22m[32m 15[2mms[22m[39m
 [32mΓ£ô[39m tests/entryRouteDecision.util.test.ts [2m([22m[2m4 tests[22m[2m)[22m[32m 19[2mms[22m[39m
 [32mΓ£ô[39m tests/transactionAuditDisplay.util.test.ts [2m([22m[2m3 tests[22m[2m)[22m[32m 15[2mms[22m[39m
 [32mΓ£ô[39m tests/resolveAccountPermissionCodes.useCase.test.ts [2m([22m[2m2 tests[22m[2m)[22m[32m 16[2mms[22m[39m
 [32mΓ£ô[39m tests/userManagementPermissionAlias.constants.test.ts [2m([22m[2m4 tests[22m[2m)[22m[32m 11[2mms[22m[39m
 [32mΓ£ô[39m tests/publicViewModelState.contract.test.ts [2m([22m[2m2 tests[22m[2m)[22m[32m 11[2mms[22m[39m
 [32mΓ£ô[39m tests/moreDashboardPermission.constants.test.ts [2m([22m[2m1 test[22m[2m)[22m[32m 8[2mms[22m[39m
 [32mΓ£ô[39m tests/phoneNumber.util.test.ts [2m([22m[2m3 tests[22m[2m)[22m[32m 14[2mms[22m[39m

[2m Test Files [22m [1m[32m39 passed[39m[22m[90m (39)[39m
[2m      Tests [22m [1m[32m131 passed[39m[22m[90m (131)[39m
[2m   Start at [22m 09:23:02
[2m   Duration [22m 17.49s[2m (transform 10.12s, setup 0ms, import 14.42s, tests 1.06s, environment 183.98s)[22m

